<html>
<body>
<pre>
<h1>礦ision Build Log</h1>
<h2>Tool Versions:</h2>
IDE-Version: μVision V5.14.0.0
Copyright (C) 2015 ARM Ltd and ARM Germany GmbH. All rights reserved.
License Information: 胥 豪, 科创, LIC=X1EVE-5DS2D-PFXIX-HAIVL-JYCST-MSV31
 
Tool Versions:
Toolchain:       MDK-ARM Professional  Version: 5.14.0.0
Toolchain Path:  G:\SomeProgram\keil-arm\ARM\ARMCC\Bin
C Compiler:      Armcc.exe V5.05 update 1 (build 106)
Assembler:       Armasm.exe V5.05 update 1 (build 106)
Linker/Locator:  ArmLink.exe V5.05 update 1 (build 106)
Library Manager: ArmAr.exe V5.05 update 1 (build 106)
Hex Converter:   FromElf.exe V5.05 update 1 (build 106)
CPU DLL:         SARMCM3.DLL V5.14.0.0
Dialog DLL:      DARMSTM.DLL V1.65.0.0
Target DLL:      Segger\JL2CM3.dll V2.99.13.0
Dialog DLL:      TARMSTM.DLL V1.64.0.0
 
<h2>Project:</h2>
C:\Users\Administrator\Desktop\家用空气质量检测仪\Project\MDK-ARM\成工项目.uvprojx
Project File Date:  05/11/2018

<h2>Output:</h2>
Build target 'TCP Client'
compiling main.c...
..\main.c(230): warning:  #188-D: enumerated type mixed with another type
        BUZZ_ONOFF(1);
..\main.c(232): warning:  #188-D: enumerated type mixed with another type
        BUZZ_ONOFF(0);
..\main.c(242): warning:  #870-D: invalid multibyte character sequence
      printf("  瀹剁敤鐜鐩戞祴浠?---jjw V1.0 \r\n");        
..\main.c: 3 warnings, 0 errors
linking...
Program Size: Code=38928 RO-data=576 RW-data=276 ZI-data=9068  
FromELF: creating hex file...
".\obj\YD-TCP_Client.axf" - 0 Error(s), 3 Warning(s).

<h2>Collection of Component include folders:</h2>
  C:\Users\Administrator\Desktop\家用空气质量检测仪\Project\MDK-ARM\RTE
  G:\SomeProgram\keil-arm\ARM\PACK\Keil\STM32F1xx_DFP\1.0.5\Device\Include

<h2>Collection of Component Files used:</h2>
</pre>
</body>
</html>
